---
source: plasm-oss/crates/plasm/tests/plasm_cli_server_insta.rs
expression: h.norm(&combined_output(&doctor))
---
status: exit status: 0
stdout:
plasm remote — diagnostics

Profile: $HOME/.plasm/cgs/profiles/default.json
  exists: true

HTTP API origin: $SERVER
  resolved from: profile
  api_key: unset
  bearer_token: unset

  GET /v1/health -> 200 OK

Agent flow: `search` → `context "intent" Cap …` → `run`
Local state: ~/.plasm/cgs/servers/<slug>/current_session.txt → sessions/<client_session_id>/

stderr:
