---
source: crates/plasm-agent-core/src/mcp_server.rs
expression: context
---
**Open or extend** one logical session. Send a stable **`intent`** string and a non-empty **`seeds`** array: each object **`{ "api", "entity" }`** is **one capability pick** (integration + resource type). **Put every pick the program will use into `seeds` on the first open**—several different **`api`** values in one array is normal and still **one** session for **`plasm`** / **`plasm_run`**. You may use **`entry_id`** instead of **`api`** per object. Returns **`logical_session_ref`** (`s0`, …). **Append-only:** call again only with **new** picks; do not resend unchanged **`seeds`** entries each turn or shrink the list.
