---
source: crates/plasm-agent-core/src/mcp_server.rs
expression: context
---
**Open or extend** one logical session. Send a stable **`intent`** and a non-empty **`seeds`** array: each object **`{ "api", "entity" }`** is **one capability pick**. **List every pick on the first open** — several **`api`** values in one array is normal and still **one** session for **`plasm`** / **`plasm_run`**. You may use **`entry_id`** instead of **`api`** per object. Returns **`logical_session_ref`** (`s0`, …). **Adding picks:** call again with **additional** `{api, entity}` rows when you discover more integrations. **Same `seeds` again** is only for refreshing teaching text / symbols — not a substitute for picks you still need.

**Federation / symbols:** `e#` / `m#` / `p#` are **session-local and append-only**. **`p#` tokens are scoped by registry `entry_id`, owning CGS entity, and slot identity** — same wire name on **different** entities or catalogs gets **distinct** opaque `p#` values (no structural sharing across unrelated rows). **`e#` order follows exposed entity rows** in DOMAIN. Prefer **canonical constructor keys** from the CGS (e.g. `owner=`, `repo=`) when multiple integrations load. **Postfix projections** use the **row entity** of that expression; bracket chains like `author[login]` normalize to dotted paths (`author.login`). **`m#` methods are per `(catalog entry_id, domain entity, kebab)`** — resolve `eN` from the current DOMAIN heading before calling `eN.mK()`. Response **`_meta.plasm`** may include **`domain_revision`**, **`domain_wave_count`**, and **`catalog_entry_ids`** so you can verify new teaching text shipped.
