---
source: crates/plasm-agent-core/src/mcp_server.rs
expression: "super::MCP_PLASM_TOOL_DESCRIPTION"
---
**Plan Plasm** (dry-run only) with **`program`** and **`logical_session_ref`** from **`plasm_context`**. Each call returns a **reviewable dry-run program plan** (topology + expected shapes). **No live API execution** — use **`plasm_run`** with the same arguments after the plan matches your intent. Use the Plasm syntax guide in initialize instructions and the **syntax table rows** from **`plasm_context`** (each row teaches symbols for one capability pick). For one direct read/search/get/relation/method/action whose result is already the answer, send one taught `plasm_expr`. For reports, joins, writes, markdown/html payloads, or any multi-step task, send **one multi-line `plasm_program`** in **one** `plasm` call. **Hard rule:** a multi-line **`program`** string must contain **real newline characters** (U+000A) between statements. Do **not** separate bindings or final roots with spaces. Good shape: `repo = e2(...)
commits = e1{p4=repo}.limit(20)
commits`. Bad shape: `repo = e2(...) commits = e1{p4=repo}.limit(20) commits`. For a `plasm_program`, use one physical line per `ident = ...` binding, then final bare roots on their own line(s). Tagged `<<TAG` heredocs also require real newlines: opener line, body lines, then closing `TAG` line (or `TAG)` / `TAG,` / `TAG}`). Commas inside a heredoc body never split parallel roots. Reuse the same **`logical_session_ref`** for follow-ups; call **`plasm_context`** again only to append **new capability picks** (`api` + `entity` per pick; JSON field **`seeds`**).
