---
source: crates/plasm-core/src/prompt_render.rs
expression: prompt
---
# This defines valid Plasm syntax for this prompt; reply with one valid plasm_program:
#
# Output choice:
# - Use a single `plasm_expr` only for one direct lookup/read/search/relation/method/action whose result is already the answer.
# - Prefer a multi-line `plasm_program` for imperative/analytical/reporting goals: bind inputs, project only needed fields, limit/page intentionally, aggregate/group/sort, then return a small synthesized result.
#
# Syntax contract (pseudo-EBNF; TSV rows bind the catalogue-specific `plasm_expr` atoms):
# plasm_program ::= plasm_roots | binding+ plasm_roots
# binding       ::= ident "=" plasm_node
# plasm_roots   ::= plasm_return ("," plasm_return)*
# plasm_return  ::= node_ref | plasm_expr
# plasm_node    ::= plasm_expr | node_ref dag_suffix | node_ref "=>" plasm_value
# plasm_expr    ::= entity_expr [projection]
# entity_expr   ::= query_all | get | query | relation | method | create_action | search
# query_all     ::= e#
# get           ::= e#(id) or e#(p#=v, p#=v)
# query         ::= e#{p#=v, …}
# relation      ::= e#(id).p#
# method        ::= e#(id).m#() or e#(id).m#(p#=v,..)
# create_action ::= e#.m#(args)
# projection    ::= e#(id)[p#,…] | "[" fields "]"
# dag_suffix    ::= transform | "[" fields "]" | "[" fields "]" heredoc
# transform     ::= ".limit(" int ")" | ".sort(" field [", desc"] ")" | ".aggregate(" agg_spec ")" | ".group_by(" field "," agg_spec ")" | ".singleton()" | ".page_size(" int ")"
# fields        ::= [p#,…]
# plasm_value   ::= literal | node_ref.field | _.field | [v, …]
# ident/node_ref/field ::= agent-chosen names for bound nodes and fields
# literal      ::= quoted string | number | bool | null | heredoc
#
# Program construction discipline:
# - Plan before executing: choose the final answer shape first, then bind only the necessary intermediate nodes.
# - Prefer `node[field,…]`, `.limit(n)`, `.sort(...)`, `.aggregate(...)`, `.group_by(...)`, `.singleton()`, `.page_size(n)`, and render heredocs over returning raw broad lists.
# - Return at most small final roots unless the user explicitly asks for raw rows.
# - Use `page(sN_pgM)` only to continue a previously chosen list, not as exploratory browsing.
# - Do not perform probe calls whose only purpose is to inspect shape; the DOMAIN table is the contract.
# - MCP tool `plasm`: the JSON `program` field is one string that may include literal newlines (U+000A). For a `plasm_program`, write one physical line per `ident = …` binding and final bare roots on their own line(s)—never one concatenated line. Tagged heredocs (`<<TAG` newline body newline `TAG`) require those hard newlines.
#
# Catalogue rules:
# - TSV `plasm_expr` cells teach executable catalogue atoms; `Meaning` explains how to choose and fill them.
# - Final program roots are **bare** comma-separated `plasm_expr` / `node_ref` lines (e.g. `e1, e2{...}`); do **not** prefix with `return` — that word is not Plasm syntax.
# - Never paste `Meaning`. Compose taught atoms with bindings/final roots only when a program is needed.
# - All semantic symbols you use must be taught in this prompt.
# - Projection uses a minimal non-empty subset from `[p#,…]`; the identity row teaches the full set once.
# - Leading `p#` rows are metadata for slots when `args:` on a method line is not enough.
#
#   - e#, m#, p# are session-local aliases. Use the aliases **exactly** as shown in expression cells.
# - Pick rows by `Meaning`, then copy the `plasm_expr` shape. Bind args by keyed slot (`p12=value`), never by position or by renumbering.
# - Aliases are session-local. If a new prompt teaches new aliases, discard older e#/m#/p# meanings.
#   - e#(id) or e#(p#=v, p#=v) — get one entity by id or compound key (examples below use `v=$`, not concrete API values).
#   - Use TSV `plasm_expr` shapes exactly, substituting concrete values for placeholders.
#   - For compound-key forms such as `e#(id) or e#(p#=v, p#=v)`, keep keyed args (`p#=v` / `name=value`); never rewrite them as positional.
#   - e#{p#=v, …} — list query; `e#` alone queries all.
#   - e#(id).p# — relation. e#(id).m#() or e#(id).m#(p#=v,..) — method call.
#   - For list/query goals, use brace predicates `e#{p#=v, …}`. Use dotted `e#(id).m#() or e#(id).m#(p#=v,..)` only when the goal asks to mutate or call a method.
#   - e#.m#(args) — standalone create/action (no anchor id needed).
#   - e#(id)[p#,…] — non-empty scalar subset. Dot after `e#(id)` means relations or taught `m#`, not scalar fields.
#   - To list X scoped by parent Y, use `X{p#=AnchorEntity(id)}` from X's rows; do not invent `Y(id).p#`.
#   - `[v, …]` — array value inside method args, e.g. `p#=[e#($)]`.
#   - Plain `str` values use double quotes. In quoted strings only `\"` and `\\` are escapes.
#   - `select` chooses one listed allowed value; `multiselect` chooses zero or more as `[v, …]`.
#   - When `Meaning` marks a slot used in an input value as `markdown`, `html`, `document`, `json_text`, or `blob`, use tagged heredoc only: `<<TAG` ... `TAG`.
# - Example: `m#(..., p#=<<TXT` newline body newline `TXT` newline `)`.
#   - e#~"text" — full-text search on entities whose teaching rows include a `~` example (same entities only).
#   - `p#`-only rows predeclare slots; they are metadata, not expressions to output.
#   - `$` is only a fill-in cue. Substitute a real value; never send `$`.
# - `..` — optional params may follow (`optional params:` lists them, comma-separated). `..` can appear alone when all args are optional.
#   - TSV rows are teaching rows. `plasm_expr` teaches syntax; `Meaning` teaches selection and argument semantics.
#

plasm_expr	Meaning
p310	str · owner
p325	str · repo
p301	str · name
p249	str · commit_sha
p316	bool · protected
p278	str · html_url
e1(p310=$, p325=$, p301=$)[p310,p325,p301,p249,p316,p278]	returns e1 · Git branch (owner, repo, branch name).
e1{p1=e17(p310=$, p325=$)}	returns [e1] · args: p1 repository ref:e17 req · List branches in a repository.
p334	str · sha
p300	markdown · message
p366	str · url
p234	date · authored_at
p250	date · committed_at
p246	int · comment_count
p346	int · stats_additions
p347	int · stats_deletions
e2(p310=$, p325=$, p334=$)[p310,p325,p334,p300,p278,p366,p234,p250,p246,p346,p347,stats_total]	returns e2 · A repository commit with message, times, and relations to author and committer users and to changed files.
e2{p5=e17(p310=$, p325=$), p6=$, p4=$, p2=$, p3=$, p7=$, p8=$}	returns [e2] · args: p5 repository ref:e17 req; p6 sha str opt; p4 path str opt; p2 by_author str opt; p3 by_committer str opt; p7 since date opt; p8 until date opt · List commits for a repository.
e2(p310=$, p325=$, p334=$).p387	returns e19 · GitHub user for the commit author, when the API provides one.
e2(p310=$, p325=$, p334=$).p388	returns e19 · GitHub user for the committer, when the API provides one.
e3{p10=e17(p310=$, p325=$), p9=$}	returns [e3] · Repository contributor with commit stats. · args: p10 repository ref:e17 req; p9 anon bool opt · List repo contributors with commit counts.
p280	str · id
p259	markdown · description
p319	bool · public
p247	int · comments
p255	date · created_at
p365	date · updated_at
e4($)[p280,p259,p278,p319,p247,p255,p365]	returns e4 · A user gist.
e4	returns [e4] · List gists for the authenticated user.
e4($).p389	returns e19
p279	int · id
p303	int · number
p358	str · title
p241	markdown · body
p345	select · allowed: open, closed
p342	select · allowed: completed, reopened, not_planned, duplicate
p284	int · issue_type_id
p286	str · issue_type_name
p283	select · allowed: gray, blue, green, yellow, orange, red, pink, purple
p352	int · sub_issues_total
p350	int · sub_issues_completed
p351	float · sub_issues_percent_completed
p293	bool · locked
p242	date · closed_at
e5(p310=$, p325=$, p303=$)[p279,p310,p325,p303,p358,p241,p345,p342,p284,p286,p283,p352,p350,p351,p293,p247,p255,p365,p242,p278]	returns e5 · A GitHub issue in a repository
e5(p310=$, p325=$, p303=$).m12()	returns () · Delete an issue.
e5(p310=$, p325=$, p303=$).m20()	returns e5 · args: p65 title str opt; p59 body markdown opt; p64 state sel[open,closed] opt; p63 state_reason sel[completed,reopened,not_planned,duplicate] opt; p60 labels ref:e8 opt; p58 assignees array[ref:e19] opt; p62 milestone ref:e9 opt; p61 locked bool opt · Update an issue.
e5(p310=$, p325=$, p303=$).m8(p29=$, p25=$,..)	returns () · args: p29 target_repo str req; p25 base_branch str req; p27 custom_instructions markdown opt; p26 custom_agent str opt; p28 model str opt · Assign Copilot agent to an issue.
e5(p310=$, p325=$, p303=$).m9(p30=[$])	returns () · args: p30 assignees array[ref:e19] req · Add assignees without replacing existing ones.
e5(p310=$, p325=$, p303=$).m10(p31=[$])	returns () · args: p31 assignees array[ref:e19] req · Remove one or more assignees from an issue.
e5.m11(p36=e17(p310=$, p325=$), p37=$,..)	returns e5 · [scope p36→e17] · args: p36 repository ref:e17 req; p37 title str req; p33 body markdown opt; p34 labels ref:e8 opt; p32 assignees array[ref:e19] opt; p35 milestone ref:e9 opt · Open a new issue in a repository.
e5(p310=$, p325=$, p303=$).m16(p50=$,..)	returns () · args: p50 sub_issue_id int req; p49 replace_parent bool opt · Add an existing issue as a sub-issue of this issue.
e5(p310=$, p325=$, p303=$).m18(p54=$)	returns () · args: p54 sub_issue_id int req · Remove a sub-issue from this parent issue.
e5(p310=$, p325=$, p303=$).m19(p57=$,..)	returns () · args: p57 sub_issue_id int req; p55 after_id int opt; p56 before_id int opt · Reorder a sub-issue within this parent issue.
e5{p42=e17(p310=$, p325=$), p45=$, p38=e19($), p40=$, p41=$, p43=$}	returns [e5] · args: p42 repository ref:e17 req; p45 state sel[open,closed] opt; p38 assignee ref:e19 opt; p40 labels ref:e8 opt; p41 milestone ref:e9 opt; p43 since date opt · List issues and pull requests in a repository.
e5{p52=$, p53=$, p51=$}	returns [e5] · args: p52 owner str req; p53 repo str req; p51 issue_number int req · List sub-issues under a parent issue.
e5~$	returns [e5] · Global issue/PR search.
e5(p310=$, p325=$, p303=$).p385	returns e19
e5(p310=$, p325=$, p303=$).p378	returns [e8]
e5(p310=$, p325=$, p303=$).p379	returns e9
e5(p310=$, p325=$, p303=$).p377	returns [e5]
e5(p310=$, p325=$, p303=$).p392	returns e19
e6($).p392	returns e19 · A comment on a GitHub issue or pull request
e6.m21(p13=e17(p310=$, p325=$), p12=$, p11=$)	returns e6 · [scope p13→e17, p12] · args: p13 repository ref:e17 req; p12 issue_number int req; p11 body markdown req · Post a comment on an issue or pull request thread.
e6($).m22(p14=e17(p310=$, p325=$))	returns () · [scope p14→e17] · args: p14 repository ref:e17 req · Delete an issue or pull request timeline comment.
e6($).m24(p19=e17(p310=$, p325=$), p18=$)	returns e6 · [scope p19→e17] · args: p19 repository ref:e17 req; p18 body markdown req · Update an issue or pull request comment.
e6{p16=e17(p310=$, p325=$), p15=$, p17=$}	returns [e6] · args: p16 repository ref:e17 req; p15 issue_number int req; p17 since date opt · List comments on an issue.
e6{p21=e17(p310=$, p325=$), p22=$}	returns [e6] · args: p21 repository ref:e17 req; p22 since date opt · List issue comments in a repository.
e7{p24=e11($)}	returns [e7] · Organization-scoped issue type. · args: p24 org str req · List org issue types.
p245	str · color
p257	bool · default
e8(p310=$, p325=$, p301=$)[p301,p310,p325,p279,p259,p245,p257]	returns e8 · Label for issues and PRs
e8(p310=$, p325=$, p301=$).m28()	returns () · Delete a label from a repository.
e8(p310=$, p325=$, p301=$).m32()	returns e8 · args: p76 new_name str opt; p74 color str opt; p75 description markdown opt · Update a label (name, color, or description).
e8.m27(p72=e17(p310=$, p325=$), p71=$,..)	returns e8 · [scope p72→e17] · args: p72 repository ref:e17 req; p71 name str req; p69 color str opt; p70 description markdown opt · Create a label in a repository.
e8{p67=$, p68=$, p66=$}	returns [e8] · args: p67 owner str req; p68 repo str req; p66 issue_number int req · List labels on an issue.
e8{p73=e17(p310=$, p325=$)}	returns [e8] · args: p73 repository ref:e17 req · List labels for a repository.
p305	int · open_issues
p243	int · closed_issues
p263	date · due_on
e9(p310=$, p325=$, p303=$)[p303,p310,p325,p279,p358,p259,p345,p305,p243,p263,p255,p365,p242,p278]	returns e9 · A milestone grouping issues and pull requests
e9(p310=$, p325=$, p303=$).m34()	returns () · Delete a milestone from a repository.
e9(p310=$, p325=$, p303=$).m37()	returns e9 · args: p89 title str opt; p86 description markdown opt; p88 state sel[open,closed] opt; p87 due_on date opt · Update milestone (title, state, description, due).
e9.m33(p79=e17(p310=$, p325=$), p81=$,..)	returns e9 · [scope p79→e17] · args: p79 repository ref:e17 req; p81 title str req; p77 description markdown opt; p80 state sel[open,closed] opt; p78 due_on date opt · Create a milestone in a repository.
e9{p83=e17(p310=$, p325=$), p85=$}	returns [e9] · args: p83 repository ref:e17 req; p85 state sel[open,closed] opt · List milestones for a repository.
p364	bool · unread
p323	str · reason
p290	date · last_read_at
p355	str · subscription_url
e10($)[p280,p364,p323,p365,p290,p366,p355]	returns e10 · A notification.
e10($).m39()	returns () · Mark a notification thread as read.
e10{p90=$, p92=$, p93=$, p91=$}	returns [e10] · args: p90 all bool opt; p92 participating bool opt; p93 since date opt; p91 before date opt · List notification threads for the auth user.
p294	str · login
p240	str · blog
p292	str · location
p264	str · email
p235	str · avatar_url
p318	int · public_repos
p317	int · public_gists
p269	int · followers
p270	int · following
p361	str · type
e11($)[p294,p279,p301,p259,p240,p292,p264,p235,p366,p318,p317,p269,p270,p361]	returns e11 · A GitHub organization.
p262	bool · draft
p299	date · merged_at
e12(p310=$, p325=$, p303=$)[p279,p310,p325,p303,p358,p241,p345,p293,p262,p299,p255,p365,p242,p278]	returns e12 · A pull request in a repository.
e12(p310=$, p325=$, p303=$).m44()	returns () · args: p131 commit_title str opt; p130 commit_message markdown opt; p132 merge_method sel[merge,squash,rebase] opt · Merge a pull request.
e12(p310=$, p325=$, p303=$).m45()	returns e12 · args: p136 title str opt; p134 body markdown opt; p135 state sel[open,closed] opt; p133 base str opt · Update a pull request.
e12(p310=$, p325=$, p303=$).m49()	returns () · args: p150 expected_head_sha str opt · Update a pull request branch from its base branch.
e12.m42(p128=e17(p310=$, p325=$), p129=$, p125=$, p122=$,..)	returns e12 · [scope p128→e17] · args: p128 repository ref:e17 req; p129 title str req; p125 head str req; p122 base str req; p123 body markdown opt; p124 draft bool opt; p127 maintainer_can_modify bool opt; p126 issue int opt · Open a PR (head into base).
e12{p140=e17(p310=$, p325=$), p142=$, p139=$, p137=$}	returns [e12] · args: p140 repository ref:e17 req; p142 state sel[open,closed] opt; p139 head str opt; p137 base str opt · List pull requests in a repository.
e12{p148=e17(p310=$, p325=$), p147=$}	returns [e12] · args: p148 repository ref:e17 req; p147 q str req · Find PRs in a repo by path or file name substring.
e12~$	returns [e12] · Search pull requests globally.
e12(p310=$, p325=$, p303=$).p385	returns e19
e12(p310=$, p325=$, p303=$).p380	returns [e13]
e12(p310=$, p325=$, p303=$).p379	returns e9
e12(p310=$, p325=$, p303=$).p381	returns [e15]
e12(p310=$, p325=$, p303=$).p382	returns [e14]
e12(p310=$, p325=$, p303=$).p392	returns e19
e13{p94=$, p96=$, p95=$}	returns [e13] · A file entry in a pull request diff. · args: p94 owner str req; p96 repo str req; p95 pull_number int req · List files changed in a pull request.
p321	int · pull_number
p343	select · allowed: APPROVED, CHANGES_REQUESTED, COMMENTED, DISMISSED, PENDING
p248	str · commit_id
p354	date · submitted_at
e14(p310=$, p325=$, p321=$, p279=$)[p279,p310,p325,p321,p343,p241,p248,p354,p278]	returns e14 · A review on a pull request
e14(p310=$, p325=$, p321=$, p279=$).m52()	returns () · Delete a pending pull request review.
e14.m51(p116=e17(p310=$, p325=$), p115=$,..)	returns e14 · [scope p116→e17, p115] · args: p116 repository ref:e17 req; p115 pull_number int req; p112 body markdown opt; p113 commit_id str opt; p114 event sel[APPROVE,REQUEST_CHANGES,COMMENT] opt · Create or submit a pull request review.
e14(p310=$, p325=$, p321=$, p279=$).m55(p121=$,..)	returns () · args: p121 event sel[APPROVE,REQUEST_CHANGES,COMMENT] req; p120 body markdown opt · Submit an existing pending pull request review.
e14{p117=$, p119=$, p118=$}	returns [e14] · args: p117 owner str req; p119 repo str req; p118 pull_number int req · List reviews on a pull request.
e14(p310=$, p325=$, p321=$, p279=$).p383	returns e12
e14(p310=$, p325=$, p321=$, p279=$).p392	returns e19
p312	str · path
p260	markdown · diff_hunk
p326	int · review_id
p291	int · line
p335	select · allowed: LEFT, RIGHT
p339	int · start_line
p340	select · allowed: LEFT, RIGHT
p353	select · allowed: line, file
e15(p310=$, p325=$, p279=$)[p279,p310,p325,p241,p312,p260,p248,p321,p326,p291,p335,p339,p340,p353,p278,p255,p365]	returns e15 · Inline comment on a pull request review diff.
e15.m56(p103=e17(p310=$, p325=$), p102=$, p97=$,..)	returns e15 · [scope p103→e17, p102] · args: p103 repository ref:e17 req; p102 pull_number int req; p97 body markdown req; p98 commit_id str opt; p101 path str opt; p100 line int opt; p104 side sel[LEFT,RIGHT] opt; p105 start_line int opt; p106 start_side sel[LEFT,RIGHT] opt; p107 subject_type sel[line,file] opt; p99 in_reply_to int opt · Add or reply to an inline review comment.
e15{p108=$, p110=$, p109=$, p111=$}	returns [e15] · args: p108 owner str req; p110 repo str req; p109 pull_number int req; p111 since date opt · List inline review comments on a pull request.
e15(p310=$, p325=$, p279=$).p392	returns e19
p356	str · tag_name
p314	bool · prerelease
p320	date · published_at
e16(p310=$, p325=$, p279=$)[p279,p310,p325,p356,p301,p241,p262,p314,p255,p320,p278]	returns e16 · A GitHub release with assets and release notes
e16(p310=$, p325=$, p279=$).m60()	returns () · Delete a release by id in a repository.
e16(p310=$, p325=$, p279=$).m63()	returns e16 · args: p164 tag_name str opt; p162 name str opt; p160 body markdown opt; p161 draft bool opt; p163 prerelease bool opt; p165 target_commitish str opt · Update an existing release.
e16.m59(p156=e17(p310=$, p325=$), p157=$,..)	returns e16 · [scope p156→e17] · args: p156 repository ref:e17 req; p157 tag_name str req; p154 name str opt; p151 body markdown opt; p152 draft bool opt; p155 prerelease bool opt; p158 target_commitish str opt; p153 generate_release_notes bool opt · Create a GitHub release (tag).
e16{p159=e17(p310=$, p325=$)}	returns [e16] · args: p159 repository ref:e17 req · List releases for a repository.
e16(p310=$, p325=$, p279=$).p386	returns e19
p273	str · full_name
p315	bool · private
p272	bool · fork
p289	str · language
p338	int · stargazers_count
p271	int · forks_count
p304	int · open_issues_count
p256	str · default_branch
p233	bool · archived
p367	select · allowed: public, private, internal
p322	date · pushed_at
e17(p310=$, p325=$)[p279,p310,p325,p273,p259,p315,p272,p289,p338,p271,p304,p256,p233,p367,p255,p365,p322,p278]	returns e17 · A GitHub repository
e17(p310=$, p325=$).m67(p182=e17(p310=$, p325=$), p181=$, p180=$, p183=$,..)	returns () · [scope p182→e17] · args: p182 repository ref:e17 req; p181 path str req; p180 message str req; p183 sha str req; p179 branch str opt · Delete a file from a repository.
e17(p310=$, p325=$).m68(p188=e17(p310=$, p325=$), p187=$, p186=$, p185=$,..)	returns () · [scope p188→e17] · args: p188 repository ref:e17 req; p187 path str req; p186 message str req; p185 content blob req; p184 branch str opt; p189 sha str opt · Create or update a file in a repository.
e17{p170=$, p167=$}	returns [e17] · args: p170 visibility sel[public,private,internal] opt; p167 affiliation str opt · List repos the auth user can access.
e17{p172=e11($), p174=$}	returns [e17] · args: p172 org ref:e11 req; p174 visibility sel[public,private,internal] req · List an org's public repos.
e17{p176=e11($), p178=$}	returns [e17] · args: p176 org ref:e11 req; p178 type sel[all,owner,member] opt · List repositories for an organization.
e17{p190=e17(p310=$, p325=$)}	returns [e17] · args: p190 repository ref:e17 req · List forks of a repository.
e17{p198=e19($), p197=$}	returns [e17] · args: p198 username ref:e19 req; p197 type sel[all,owner,member] opt · List repositories for a specific user.
e17~$	returns [e17] · Search GitHub repositories using GitHub repository-search query syntax.
e17(p310=$, p325=$).p372	returns [e1]
e17(p310=$, p325=$).p374	returns [e2]
e17(p310=$, p325=$).p375	returns [e3]
e17(p310=$, p325=$).p390	returns e19
e17(p310=$, p325=$).p397	returns [e23]
e17(p310=$, p325=$).p398	returns [e20]
e18{p166=e17(p310=$, p325=$)}	returns [e18] · Git tag in a repository (not a GitHub Release). · args: p166 repository ref:e17 req · List git tags in a repository.
p251	str · company
p239	markdown · bio
p277	bool · hireable
p336	bool · site_admin
e19($)[p294,p279,p301,p251,p240,p292,p264,p239,p318,p317,p277,p336,p278,p235,p255]	returns e19 · A GitHub user account
e19.m75()	returns e19 · Get the authenticated user.
e19{p200=e11($), p199=$, p201=$}	returns [e19] · args: p200 org ref:e11 req; p199 filter sel[2fa_disabled,2fa_insecure,all] opt; p201 role sel[all,admin,member] opt · List members of a GitHub organization.
e19{p203=e17(p310=$, p325=$), p202=$}	returns [e19] · args: p203 repository ref:e17 req; p202 affiliation sel[outside,direct,all] opt · List users with access to a repository.
e19~$	returns [e19] · Search GitHub users.
p302	str · node_id
p344	select · allowed: active, deleted, disabled_fork, disabled_inactivity, disabled_manually
p236	str · badge_url
e20(p310=$, p325=$, p279=$)[p279,p310,p325,p302,p301,p312,p344,p255,p365,p278,p236]	returns e20 · A workflow in a repository
e20(p310=$, p325=$, p279=$).m79(p227=$)	returns () · args: p227 ref str req · Trigger a workflow dispatch event for a workflow.
e20{p228=$, p229=$}	returns [e20] · args: p228 owner str req; p229 repo str req · List workflows in a repository.
e20(p310=$, p325=$, p279=$).p396	returns [e23]
e21{p207=$, p208=$, p209=$}	returns [e21] · Downloadable artifact from a workflow run · args: p207 owner str req; p208 repo str req; p209 run_id int req · List artifacts produced by a workflow run.
e22{p211=$, p212=$, p213=$, p210=$}	returns [e22] · A GitHub Actions job within a workflow run · args: p211 owner str req; p212 repo str req; p213 run_id int req; p210 filter sel[latest,all] opt · List jobs in a workflow run.
p349	select · allowed: queued, in_progress, completed, waiting, requested, pending
p253	select · allowed: success, failure, neutral, cancelled, skipped, timed_out, action_required, stale, startup_failure
p265	str · event
p370	int · workflow_id
p330	int · run_number
p327	int · run_attempt
p261	str · display_title
p274	str · head_branch
p276	str · head_sha
p230	str · actor_login
p360	str · triggering_actor_login
p331	date · run_started_at
e23(p310=$, p325=$, p279=$)[p279,p310,p325,p301,p349,p253,p265,p370,p330,p327,p261,p274,p276,p312,p230,p360,p278,p331,p255,p365]	returns e23 · One workflow run for a repository
e23(p310=$, p325=$, p279=$).m85()	returns () · Cancel an in-progress workflow run.
e23(p310=$, p325=$, p279=$).m87()	returns () · Delete stored logs for a workflow run.
e23(p310=$, p325=$, p279=$).m89()	returns () · Rerun all jobs in a workflow run.
e23(p310=$, p325=$, p279=$).m90()	returns () · Rerun only failed jobs in a workflow run.
e23{p216=$, p217=$, p219=$, p214=$, p215=$, p218=$}	returns [e23] · args: p216 owner str req; p217 repo str req; p219 workflow_id int req; p214 branch str opt; p215 event str opt; p218 status sel[queued,in_progress,completed,waiting,requested,pending] opt · List runs for one GitHub Actions workflow.
e23{p224=$, p225=$, p221=$, p222=$, p226=$, p220=e19($), p223=$}	returns [e23] · args: p224 owner str req; p225 repo str req; p221 branch str opt; p222 event str opt; p226 status sel[queued,in_progress,completed,waiting,requested,pending] opt; p220 actor ref:e19 opt; p223 head_sha str opt · List workflow runs in a repository.
e23(p310=$, p325=$, p279=$).p384	returns e19
e23(p310=$, p325=$, p279=$).p393	returns [e21]
e23(p310=$, p325=$, p279=$).p394	returns [e22]
e23(p310=$, p325=$, p279=$).p391	returns e19
e23(p310=$, p325=$, p279=$).p395	returns e24
e23(p310=$, p325=$, p279=$).p399	returns e20
p329	int · run_id
p328	int · run_duration_ms
p363	int · ubuntu_total_ms
p362	int · ubuntu_jobs
p296	int · macos_total_ms
p295	int · macos_jobs
p369	int · windows_total_ms
p368	int · windows_jobs
e24(p310=$, p325=$, p329=$)[p310,p325,p329,p328,p363,p362,p296,p295,p369,p368]	returns e24 · Per-job timing and billable usage for a run
