---
source: crates/plasm-core/src/prompt_render.rs
expression: prompt
---
# Follow the grammar and the teaching TSV below; reply with one valid plasm_program:
#
# Output:
# - Emit only code: either one `plasm_expr`, or one multi-line `plasm_program` with bindings then final roots.
# - Do not emit prose, JSON wrappers, `return`, Markdown fences, or table rows.
# - Prefer bind → narrow/project/transform → few final roots when more than one step is needed.
#
# TSV table semantics:
# - Header is exactly `plasm_expr<TAB>Meaning`; every following row has exactly one tab delimiter.
# - Left cell is either executable syntax or metadata. Right cell is selection guidance only; never copy `Meaning` into output.
# - Executable rows start with an entity surface (`e#`/`Entity`). Copy their left-cell shape, then replace placeholders.
# - Metadata rows whose left cell is only `v#`/`value domain` define reusable value types. Metadata rows whose left cell is only `p#`/`field` define keyed slots. Metadata rows are never executable roots.
# - `Meaning` fragments joined by ` · ` stay inside `Meaning`; they are not operators.
#
# Symbol and fill rules:
# - `e#` = entity surface; `m#` = method/action surface; `p#` = keyed field/parameter/relation slot; `v#` = value-domain metadata only.
# - Entity-ref slots in `Meaning` look like `ref:Zone · str · Zone identifier`: canonical entity, id wire type, short note — not `plasm_expr` syntax.
# - Never write `v#` inside a `plasm_expr`. Use `p#` keys in code and use `v#` rows only to understand allowed values/types.
# - Unary identity rows often teach `e#(p#)` using the opaque `p#` for the entity `id_field` (same token as gloss); substitute the real wire id — do not treat it as a literal API value.
# - `$` appears only in taught examples when no opaque id slot is shown. Replace every `$`; never emit `$`.
# - `<id>`, `<value>`, `<receiver>`, and `elem` in this contract are meta-variables, not syntax tokens.
# - If a copied row contains `..`, it is an ellipsis for omitted optional keys. Remove `..` or replace it with additional `p#=<value>` assignments before final output.
# - If `Meaning` says `optional params: pA, pB`, those keys may be added only as keyed assignments with real values.
# - Projection rows ending `[p#,…]` teach a valid field set. Reuse that suffix only on another expression returning the same entity or list type.
# - Relation rows end with `.p#`/`.field`; apply them to any executable receiver row for that same entity type.
# - `page(sN_pgM)` uses a continuation handle returned by a prior response; copy the handle exactly and optionally add `, limit=N`.
#
# Grammar:
# plasm_program ::= plasm_expr | binding+ roots
# binding       ::= ident "=" node
# roots         ::= root ("," root)*
# root          ::= ident | plasm_expr
# node          ::= (plasm_expr | ident) postfix* row_template? | ident "=>" value_or_template
# plasm_expr    ::= entity_expr [projection] | page
# entity_expr   ::= query_all | get | query | relation | method | create_action
# query_all     ::= e#
# get           ::= e#(<id>) or e#(p#=<value>, p#=<value>)
# query         ::= e#{p#=<value>, …}
# relation      ::= <receiver>.p#
# method        ::= e#(<id>).m#() or e#(<id>).m#(p#=<value>, …)
# create_action ::= e#.m#(p#=<value>, …)
# page          ::= page(sN_pgM) | page(sN_pgM, limit=N)
# projection    ::= e#(<id>)[p#,…] | "[" fields "]"
# postfix       ::= ".limit(N)" | ".page_size(N)" | ".sort(field[, dir])" | ".aggregate(specs)" | ".group_by(field, specs)" | ".singleton()" | "[" fields "]"
# row_template  ::= ("[" fields "]")? "<<TAG" template_body "TAG"
# fields        ::= [p#,…]
# specs         ::= name=count | name=sum(field) | name=avg(field) | name=min(field) | name=max(field) [, ...]
# dir           ::= desc | asc | descending | ascending
# value_or_template ::= literal | ident | ident.field | _.field | [elem, ...] | heredoc
# literal       ::= quoted string | number | bool | null
#
# Composition rules:
# - Multi-line program strings use literal newlines: one binding per line, final roots last. Spaces never separate statements.
# - Postfix transforms and `[fields]` may chain on any bound node or expression that returns rows.
# - To turn rows into text, bind a template block: `report = rows[p#,…] <<TAG` newline template newline `TAG`, or `report = rows <<TAG` when columns can be inferred.
# - Template blocks use Minijinja with `rows` as the input array. The bound result is a row with a `content` field; pass `report.content` to string/body parameters or `=>` payloads.
# - Do not use `report.content` as a final root or relation receiver. Return `report` if you want the generated text row; continue relations only from row-producing query/relation/projection bindings.
# - Heredoc opener `<<TAG` is followed by newline; the first later line whose trimmed text is `TAG` closes it. Choose a tag not present in the body.
# - Examples: scoped child list `e#{p#=e#(<id>)}`; array argument `p#=[e#(<id>), …]`. Quoted strings use only `\"` and `\\` escapes.
# - `markdown`/`html`/`document`/`json_text`/`blob` values (per `Meaning`): `<<TAG` … `TAG` only; e.g. `m#(..., p#=<<TXT` + newline body + `TXT` newline `)`.
#

plasm_expr	Meaning
v2	uuid
v38	markdown
v1	ref:Issue · uuid · Issue to attach the comment to
p14	v1 · issue
p15	v2 · id
p53	v38 · body
e1[p15,p53]	returns e1 · projection · A comment on an issue
e1.m1(p14=e4(p15), p53=$)	returns e1 · Add a markdown comment on an issue
e1	returns [e1]
e1(p15)	returns e1
e1.p1	relation e1 => e4 · Issue this comment belongs to
v7	ref:Team · uuid · Team whose cycles to list
v6	float · Cycle index within the team (Linear exposes as a number)
v8	str · Cycle start (ISO-8601 timestamp from the API)
v4	str · Cycle end (ISO-8601 timestamp from the API)
p21	v7 · team
p47	v2 · id
p20	v6 · number
p22	v8 · startsAt
p17	v4 · endsAt
e2{p21=e8(p47)}[p33,p20,p22,p17]	returns [e2] · projection · A time-boxed iteration on a team (sprint / cycle window)
e2{p21=e8(p47)}	returns [e2]
e2(p33)	returns e2
e2{p21=e8(p47)}.p4	relation e2 => e8 · Team this cycle belongs to
v3	ref:Cycle · uuid · Cycle id for the board snapshot view scope
v37	int
p16	v3 · cycle_id
p33	v2 · id
p18	v2 · cycle_id
p52	v37 · issue_count
e3{p16=e2(p33)}[p18,p20,p22,p17,p52]	returns [e3] · projection · Cycle metadata plus issues scheduled in that iteration (sprint board pattern)
e3.m6()	returns e3
e3{p16=e2(p33)}	returns [e3]
e3{p16=e2(p33)}.p2	relation e3 => e2
v19	str · Human-visible key
v39	str
v25	ref:Project · uuid
v22	ref:User · uuid
v26	ref:WorkflowState · uuid
v24	ref:Issue · uuid · Issue to nest this under; omit to leave the parent link unchanged
v23	ref:Cycle · uuid · Iteration cycle to assign; omit to leave the cycle unchanged
v9	ref:Label · uuid
v17	ref:Team · uuid · Team that owns the new issue
v14	ref:Issue · uuid · Parent issue when creating a sub-issue
v13	ref:Cycle · uuid · Iteration cycle to place the new issue in
v10	ref:Cycle · uuid · Cycle whose scheduled issues to list
v11	ref:Team · uuid · Team whose issues to list
p23	v9 · label
p24	v10 · cycle
p25	v11 · team
p27	v13 · cycle
p28	v14 · parent
p31	v17 · team
p37	v22 · assignee
p38	v23 · cycle
p39	v24 · parent
p40	v25 · project
p41	v26 · state
p32	v19 · identifier
p59	v39 · title
p54	v38 · description
e4[p15,p32,p59,p54]	returns e4 · projection · A Linear issue
e4(p15).m12()	returns e4 · Move an issue to trash (recoverable; not a permanent delete)
e4(p15).m16()	returns e4 · optional params: p59, p54, p40, p37, p41, p39, p38 · Update an issue
e4(p15).m8(p23=e6(p33))	returns e4 · Attach one label to this issue (existing labels kept)
e4.m11(p31=e8(p47), p59=$,..)	returns e4 · optional params: p54, p40, p37, p41, p28, p27 · Create a new issue on a team, optionally in a project, column, cycle, or under a parent issue
e4(p15).m15(p23=e6(p33))	returns e4 · Remove one label from this issue
e4{p24=e2(p33)}	returns [e4]
e4{p25=e8(p47)}	returns [e4]
e4	returns [e4]
e4(p15)	returns e4
e4{p24=e2(p33)}.p12	relation e4 => e9 · User assigned to the issue
e4{p24=e2(p33)}.p7	relation e4 => [e4] · Sub-issues nested directly under this issue in the work hierarchy
e4{p24=e2(p33)}.p6	relation e4 => e2 · Iteration cycle when the issue is scheduled into one
e4{p24=e2(p33)}.p9	relation e4 => [e6] · Labels on this issue
e4{p24=e2(p33)}.p8	relation e4 => e4 · Parent issue when this issue is a sub-issue (otherwise absent)
e4{p24=e2(p33)}.p10	relation e4 => e7 · Project this issue belongs to
e4{p24=e2(p33)}.p13	relation e4 => e10 · Current workflow state
e4{p24=e2(p33)}.p11	relation e4 => e8 · Owning team
v20	ref:Issue · uuid · Issue whose Linear web URL to assemble
v30	str · Assembled linear.app issue URL from identifier
p15	v2 · id
p35	v20 · issue_id
p34	v2 · issue_id
p45	v30 · url
e5{p35=e4(p15)}[p34,p32,p59,p45]	returns [e5] · projection · Shareable Linear web URL for an issue
e5.m17()	returns e5
e5{p35=e4(p15)}	returns [e5]
e5{p35=e4(p15)}.p5	relation e5 => e4
v28	ref:Team · uuid · Team to scope the label to; omit for workspace label
v27	str · Hex swatch color for the label
p42	v27 · color
p43	v28 · team
p58	v39 · name
p55	v39 · color
e6[p33,p58,p55]	returns e6 · projection · An issue label
e6(p33).m22()	returns e6 · optional params: p58, p55, p54 · Update label name, color, or description
e6.m19(p58=$,..)	returns e6 · optional params: p43, p42, p54 · Create an issue label
e6	returns [e6]
e6(p33)	returns e6
v33	str · Stable slug for the project within its team
v31	ref:Team · uuid · Primary team that owns the new project
p46	v31 · team
p47	v2 · id
p48	v33 · slugId
e7[p47,p58,p48]	returns e7 · projection · A Linear project within a team
e7.m23(p58=$, p46=e8(p47),..)	returns e7 · optional params: p54 · Create a project owned by one or more teams
e7	returns [e7]
e7(p47)	returns e7
v35	str · Short key
p50	v35 · key
e8[p47,p58,p50]	returns e8 · projection · A Linear team (workspace grouping)
e8	returns [e8]
e8(p47)	returns e8
p51	v2 · id
p56	v39 · displayName
p57	v39 · email
e9[p51,p58,p56,p57]	returns e9 · projection · A Linear user
e9	returns [e9]
e9(p51)	returns e9
v46	ref:Team · uuid · Team whose columns to list
v47	str · State category
v45	float
v43	ref:Team · uuid
v42	str · One of triage, backlog, unstarted, started, completed, canceled, duplicate
v40	str · Column header hex color on the board
v41	float · Column order within the workflow
p60	v40 · color
p61	v41 · position
p62	v42 · state_type
p63	v43 · team
p66	v46 · team
p67	v47 · type
p65	v45 · position
e10{p66=e8(p47)}[p49,p58,p67,p65]	returns [e10] · projection · A workflow column/state for a team
e10.m30(p58=$, p63=e8(p47), p62=$, p60=$,..)	returns e10 · optional params: p54, p61 · Create a workflow column on a team
e10{p66=e8(p47)}	returns [e10]
e10(p49)	returns e10
