---
source: plasm-oss/crates/plasm-core/src/prompt_render.rs
expression: prompt
---
# This defines valid Plasm syntax for this prompt; reply with one valid plasm_program:
#
# Output choice:
# - Use a single `plasm_expr` only for one direct lookup/read/search/relation/method/action whose result is already the answer.
# - For **compositional** work (multiple steps, joins, reporting, summarization, writes, or any structured textual payload—markdown, HTML, plain text, JSON text, CSV-like lines, etc.), use a **multi-line `plasm_program`** by default—do not chain many one-line `plasm` calls.
# - Prefer a multi-line `plasm_program` for imperative/analytical/reporting goals: bind inputs, narrow with `projection` and `postfix` (including `transform` and bracket/heredoc tails), then return a small synthesized result.
#
# Syntax contract (pseudo-EBNF; TSV rows bind the catalogue-specific `plasm_expr` atoms):
# plasm_program ::= plasm_roots | binding+ plasm_roots
# binding       ::= ident "=" plasm_node
# plasm_roots   ::= plasm_return ("," plasm_return)*
# plasm_return  ::= node_ref | plasm_expr
# plasm_node    ::= ( plasm_expr | node_ref ) postfix* bracket_render_tail? | node_ref "=>" plasm_value | node_ref "=>" effect_expr
# plasm_expr    ::= entity_expr [projection]
# entity_expr   ::= query_all | get | query | relation | method | create_action | search
# query_all     ::= e#
# get           ::= e#(id) or e#(p#=v, p#=v)
# query         ::= e#{p#=v, …}
# relation      ::= e#(id).p#
# method        ::= e#(id).m#() or e#(id).m#(p#=v,..)
# create_action ::= e#.m#(args)
# projection    ::= e#(id)[p#,…] | "[" fields "]"
# postfix       ::= transform | "[" fields "]"
# bracket_render_tail ::= ( "[" fields "]" )? "<<TAG" heredoc_body "TAG"
# positive_int  ::= non-zero decimal integer literal
# agg_func      ::= "sum" | "avg" | "min" | "max"
# agg_spec      ::= ident "=" ( "count" | agg_func "(" field ")" )
# agg_specs     ::= agg_spec ("," agg_spec)*
# sort_dir      ::= omitted | "desc" | "asc" | "ascending" | "descending"
# transform     ::= ".limit(" positive_int ")" | ".sort(" field ["," sort_dir] ")" | ".aggregate(" agg_specs ")" | ".group_by(" field "," agg_specs ")" | ".singleton()" | ".page_size(" positive_int ")"
# fields        ::= [p#,…]
# plasm_value   ::= literal | node_ref | node_ref.field | _.field | [v, …]
# effect_expr   ::= taught write/update/delete/action surface from DOMAIN (same line may template rows)
# ident/node_ref/field ::= agent-chosen names for bound nodes and fields
# literal      ::= quoted string | number | bool | null | heredoc
#
# Examples (illustrations only; `agg_spec` / `agg_specs` / `transform` above are authoritative):
# - `.aggregate(n=count)`, `.aggregate(total=sum(amount), lo=min(price))`, `.group_by(author, n=count)`.
#
# Node-ref continuation:
# - **`postfix`** (see `postfix` and `transform` above) applies to the same surface expression as `plasm_expr`; you may chain suffixes on one line without an intermediate binding when they attach to that expression (e.g. `e1{…}.limit(20)`).
# - When `ident` is bound to a **surface Plasm** row (get/query/relation result), writing `ident.<relation>` on the RHS continues that row’s expression—the compiler substitutes the bound anchor text and records a dependency on `ident`. Semantics match **repeating the full taught `plasm_expr` for that binding** and appending `.<relation>`. **Compute-only** steps (`projection`, `transform`, derive `=>`, …) are **not** relation anchors: do not append `ident.<relation>` after them—repeat the full expression from DOMAIN or bind a fresh surface node first.
# - **`[fields] <<TAG … TAG`** or **`<<TAG … TAG`** after a bound row-producing node (`binding <<TAG`) are postfix like `.limit`: they suffix the expression whose **`rows`** you want to render (Minijinja); explicit `[fields]` selects columns—otherwise columns are inferred from the bound node’s narrowed row shape after transforms; see **Bracket render / synthesis** below.
#
# Program construction discipline:
# - **MCP `program` newline contract (read first):** For **compositional** work—anything that is **not** a single taught `plasm_expr` on one physical line—you MUST put **literal newline characters (U+000A)** in the JSON `program` string between physical lines: **one line per `ident = …` binding**, then final bare roots on their own line(s). **Spaces do not separate statements.** If you would write two bindings side-by-side with only spaces, that shape is **always wrong**; split with `
# ` before calling `plasm` / `plasm_run`. (Single-expression calls and single-line heredocs already satisfy this; multi-binding programs are where agents most often flatten incorrectly.)
# - Plan before executing: choose the final answer shape first, then bind only the necessary intermediate nodes.
# - Prefer narrowing with `projection` and `postfix` (including `transform`) and heredoc render tails over returning raw broad lists.
# - When **summarizing or formatting rows from queries/relations in this program**, prefer **bracket-render** (`…[fields] <<TAG …`) so the plan owns the transformation; **static** tagged heredocs remain appropriate for **fixed** payloads not derived from those rows.
# - Return at most small final roots unless the user explicitly asks for raw rows.
# - Use `page(sN_pgM)` only to continue a previously chosen list, not as exploratory browsing.
# - Do not perform probe calls whose only purpose is to inspect shape; the DOMAIN table is the contract.
# - MCP tool `plasm`: the JSON `program` field is one string that may include literal newlines (U+000A). For a `plasm_program`, write one physical line per `ident = …` binding and final bare roots on their own line(s)—**never** one space-concatenated line for multiple bindings. A **tagged heredoc** is still **one logical statement**: after `<<TAG` you must have a newline immediately after `TAG` on the opener line, then the body lines, then a closing line whose trimmed text is `TAG` (or `TAG)` / `TAG,` / `TAG}` on that line). That spans multiple physical lines—**do not** squash `<<TAG` onto the same line as the body.
# - **Final roots** may be comma-separated on one line **or** split across lines; commas **inside** a heredoc body never separate roots. Example: `e1.m2(p3=<<B
# Hello
# B
# ), e2` (comma after the heredoc closes on its `B` line, then the next root).
#
# Catalogue rules:
# - TSV `plasm_expr` cells teach executable catalogue atoms; `Meaning` explains how to choose and fill them.
# - Final program roots are **bare** comma-separated `plasm_expr` / `node_ref` lines (e.g. `e1, e2{...}`); do **not** prefix with `return` — that word is not Plasm syntax.
# - Never paste `Meaning`. Compose taught atoms with bindings/final roots only when a program is needed.
# - All semantic symbols you use must be taught in this prompt.
# - Projection uses a minimal non-empty subset from `[p#,…]`; the identity row teaches the full set once.
# - Leading `p#` rows are metadata for slots when `args:` on a method line is not enough.
#
#   - e#, m#, p# are session-local aliases. Use the aliases **exactly** as shown in expression cells.
# - Pick rows by `Meaning`, then copy the `plasm_expr` shape. Bind args by keyed slot (`p12=value`), never by position or by renumbering.
# - Aliases are session-local. If a new prompt teaches new aliases, discard older e#/m#/p# meanings.
#   - e#(id) or e#(p#=v, p#=v) — get one entity by id or compound key (examples below use `v=$`, not concrete API values).
#   - Use TSV `plasm_expr` shapes exactly, substituting concrete values for placeholders.
#   - For compound-key forms such as `e#(id) or e#(p#=v, p#=v)`, keep keyed args (`p#=v` / `name=value`); never rewrite them as positional.
#   - e#{p#=v, …} — list query; `e#` alone queries all.
#   - e#(id).p# — relation. e#(id).m#() or e#(id).m#(p#=v,..) — method call.
#   - For list/query goals, use brace predicates `e#{p#=v, …}`. Use dotted `e#(id).m#() or e#(id).m#(p#=v,..)` only when the goal asks to mutate or call a method.
#   - e#.m#(args) — standalone create/action (no anchor id needed).
#   - e#(id)[p#,…] — non-empty scalar subset. Dot after `e#(id)` means relations or taught `m#`, not scalar fields.
#   - **Bracket render / synthesis** (`label[p#,…] <<TAG … TAG`, or `binding <<TAG … TAG` after narrowing **`binding`** with projection/transforms): heredoc body is **Minijinja** with `rows` (projected row dicts). Use `{% for r in rows %}…{% endfor %}`, `{{ r.p15 }}`, `{{ rows | length }}` as needed. The rendered **`content`** may be **any** textual format (plain text, markdown, HTML fragments, structured snippets, JSON **text**, logs—not markdown-specific); guard accidental Jinja tokens with `{% raw %}…{% endraw %}`. Output is one synthetic row shaped like `{"content": "…"}` — for **string**/body parameters use **`binding.content`**, not bare **`binding`**.
#   - To list X scoped by parent Y, use `X{p#=AnchorEntity(id)}` from X's rows; do not invent `Y(id).p#`.
#   - `[v, …]` — array value inside method args, e.g. `p#=[e#($)]`.
#   - Plain `str` values use double quotes. In quoted strings only `\"` and `\\` are escapes.
#   - `select` chooses one listed allowed value; `multiselect` chooses zero or more as `[v, …]`.
#   - When `Meaning` marks a slot used in an input value as `markdown`, `html`, `document`, `json_text`, or `blob`, use tagged heredoc only: `<<TAG` ... `TAG`.
# - Example: `m#(..., p#=<<TXT` newline body newline `TXT` newline `)`.
#   - e#~"text" — full-text search on entities whose teaching rows include a `~` example (same entities only).
#   - `p#`-only rows predeclare slots; they are metadata, not expressions to output.
#   - `$` is only a fill-in cue. Substitute a real value; never send `$`.
# - `..` — optional params may follow (`optional params:` lists them, comma-separated). `..` can appear alone when all args are optional.
#   - TSV rows are teaching rows. `plasm_expr` teaches syntax; `Meaning` teaches selection and argument semantics.
#

plasm_expr	Meaning
p5	str · owner
p7	str · repo
p4	str · name
p2	str · commit_sha
p6	bool · protected
p3	str · html_url
e1(p5=$, p7=$, p4=$)[p5,p7,p4,p2,p6,p3]	returns e1 · Git branch (owner, repo, branch name).
e1{p1=e17(p414=$, p417=$)}	returns [e1] · args: p1 repository ref:e17 req · List branches in a repository.
p20	str · owner
p21	str · repo
p22	str · sha
p19	markdown · message
p18	str · html_url
p26	str · url
p15	date · authored_at
p17	date · committed_at
p16	int · comment_count
p23	int · stats_additions
p24	int · stats_deletions
p25	int · total_changes
e2(p20=$, p21=$, p22=$)[p20,p21,p22,p19,p18,p26,p15,p17,p16,p23,p24,p25]	returns e2 · A repository commit with message, times, and relations to author and committer users and to changed files.
e2{p11=e17(p414=$, p417=$), p12=$, p10=$, p8=$, p9=$, p13=$, p14=$}	returns [e2] · args: p11 repository ref:e17 req; p12 sha str opt; p10 path str opt; p8 by_author str opt; p9 by_committer str opt; p13 since date opt; p14 until date opt · List commits for a repository.
e2(p20=$, p21=$, p22=$).p28	returns e19 · GitHub user for the commit author, when the API provides one.
e2(p20=$, p21=$, p22=$).p29	returns e19 · GitHub user for the committer, when the API provides one.
e3{p31=e17(p414=$, p417=$), p30=$}	returns [e3] · Repository contributor with commit stats. · args: p31 repository ref:e17 req; p30 anon bool opt · List repo contributors with commit counts.
p40	str · id
p38	markdown · description
p39	str · html_url
p41	bool · public
p36	int · comments
p37	date · created_at
p42	date · updated_at
e4($)[p40,p38,p39,p41,p36,p37,p42]	returns e4 · A user gist.
e4	returns [e4] · List gists for the authenticated user.
e4($).p43	returns e19
p119	int · id
p127	str · owner
p129	str · repo
p126	int · number
p135	str · title
p114	markdown · body
p131	select · allowed: open, closed
p130	select · allowed: completed, reopened, not_planned, duplicate
p121	int · issue_type_id
p123	str · issue_type_name
p120	select · allowed: gray, blue, green, yellow, orange, red, pink, purple
p134	int · sub_issues_total
p132	int · sub_issues_completed
p133	float · sub_issues_percent_completed
p125	bool · locked
p116	int · comments
p117	date · created_at
p136	date · updated_at
p115	date · closed_at
p118	str · html_url
e5(p127=$, p129=$, p126=$)[p119,p127,p129,p126,p135,p114,p131,p130,p121,p123,p120,p134,p132,p133,p125,p116,p117,p136,p115,p118]	returns e5 · A GitHub issue in a repository
e5(p127=$, p129=$, p126=$).m12()	returns () · Delete an issue.
e5(p127=$, p129=$, p126=$).m20()	returns e5 · args: p113 title str opt; p107 body markdown opt; p112 state sel[open,closed] opt; p111 state_reason sel[completed,reopened,not_planned,duplicate] opt; p108 labels ref:e8 opt; p106 assignees array[ref:e19] opt; p110 milestone ref:e9 opt; p109 locked bool opt · Update an issue.
e5(p127=$, p129=$, p126=$).m8(p77=$, p73=$,..)	returns () · args: p77 target_repo str req; p73 base_branch str req; p75 custom_instructions markdown opt; p74 custom_agent str opt; p76 model str opt · Assign Copilot agent to an issue.
e5(p127=$, p129=$, p126=$).m9(p78=[$])	returns () · args: p78 assignees array[ref:e19] req · Add assignees without replacing existing ones.
e5(p127=$, p129=$, p126=$).m10(p79=[$])	returns () · args: p79 assignees array[ref:e19] req · Remove one or more assignees from an issue.
e5.m11(p84=e17(p414=$, p417=$), p85=$,..)	returns e5 · [scope p84→e17] · args: p84 repository ref:e17 req; p85 title str req; p81 body markdown opt; p82 labels ref:e8 opt; p80 assignees array[ref:e19] opt; p83 milestone ref:e9 opt · Open a new issue in a repository.
e5(p127=$, p129=$, p126=$).m16(p98=$,..)	returns () · args: p98 sub_issue_id int req; p97 replace_parent bool opt · Add an existing issue as a sub-issue of this issue.
e5(p127=$, p129=$, p126=$).m18(p102=$)	returns () · args: p102 sub_issue_id int req · Remove a sub-issue from this parent issue.
e5(p127=$, p129=$, p126=$).m19(p105=$,..)	returns () · args: p105 sub_issue_id int req; p103 after_id int opt; p104 before_id int opt · Reorder a sub-issue within this parent issue.
e5{p90=e17(p414=$, p417=$), p93=$, p86=e19($), p88=$, p89=$, p91=$}	returns [e5] · args: p90 repository ref:e17 req; p93 state sel[open,closed] opt; p86 assignee ref:e19 opt; p88 labels ref:e8 opt; p89 milestone ref:e9 opt; p91 since date opt · List issues and pull requests in a repository.
e5{p100=$, p101=$, p99=$}	returns [e5] · args: p100 owner str req; p101 repo str req; p99 issue_number int req · List sub-issues under a parent issue.
e5~$	returns [e5] · Global issue/PR search.
e5(p127=$, p129=$, p126=$).p141	returns e19
e5(p127=$, p129=$, p126=$).p139	returns [e8]
e5(p127=$, p129=$, p126=$).p140	returns e9
e5(p127=$, p129=$, p126=$).p138	returns [e5]
e5(p127=$, p129=$, p126=$).p142	returns e19
e6($).p62	returns e19 · A comment on a GitHub issue or pull request
e6.m21(p46=e17(p414=$, p417=$), p45=$, p44=$)	returns e6 · [scope p46→e17, p45] · args: p46 repository ref:e17 req; p45 issue_number int req; p44 body markdown req · Post a comment on an issue or pull request thread.
e6($).m22(p47=e17(p414=$, p417=$))	returns () · [scope p47→e17] · args: p47 repository ref:e17 req · Delete an issue or pull request timeline comment.
e6($).m24(p52=e17(p414=$, p417=$), p51=$)	returns e6 · [scope p52→e17] · args: p52 repository ref:e17 req; p51 body markdown req · Update an issue or pull request comment.
e6{p49=e17(p414=$, p417=$), p48=$, p50=$}	returns [e6] · args: p49 repository ref:e17 req; p48 issue_number int req; p50 since date opt · List comments on an issue.
e6{p54=e17(p414=$, p417=$), p55=$}	returns [e6] · args: p54 repository ref:e17 req; p55 since date opt · List issue comments in a repository.
e7{p63=e11($)}	returns [e7] · Organization-scoped issue type. · args: p63 org str req · List org issue types.
p158	str · name
p159	str · owner
p160	str · repo
p157	int · id
p156	markdown · description
p154	str · color
p155	bool · default
e8(p159=$, p160=$, p158=$)[p158,p159,p160,p157,p156,p154,p155]	returns e8 · Label for issues and PRs
e8(p159=$, p160=$, p158=$).m28()	returns () · Delete a label from a repository.
e8(p159=$, p160=$, p158=$).m32()	returns e8 · args: p153 new_name str opt; p151 color str opt; p152 description markdown opt · Update a label (name, color, or description).
e8.m27(p149=e17(p414=$, p417=$), p148=$,..)	returns e8 · [scope p149→e17] · args: p149 repository ref:e17 req; p148 name str req; p146 color str opt; p147 description markdown opt · Create a label in a repository.
e8{p144=$, p145=$, p143=$}	returns [e8] · args: p144 owner str req; p145 repo str req; p143 issue_number int req · List labels on an issue.
e8{p150=e17(p414=$, p417=$)}	returns [e8] · args: p150 repository ref:e17 req · List labels for a repository.
p181	int · number
p183	str · owner
p184	str · repo
p180	int · id
p186	str · title
p177	markdown · description
p185	select · allowed: open, closed
p182	int · open_issues
p175	int · closed_issues
p178	date · due_on
p176	date · created_at
p187	date · updated_at
p174	date · closed_at
p179	str · html_url
e9(p183=$, p184=$, p181=$)[p181,p183,p184,p180,p186,p177,p185,p182,p175,p178,p176,p187,p174,p179]	returns e9 · A milestone grouping issues and pull requests
e9(p183=$, p184=$, p181=$).m34()	returns () · Delete a milestone from a repository.
e9(p183=$, p184=$, p181=$).m37()	returns e9 · args: p173 title str opt; p170 description markdown opt; p172 state sel[open,closed] opt; p171 due_on date opt · Update milestone (title, state, description, due).
e9.m33(p163=e17(p414=$, p417=$), p165=$,..)	returns e9 · [scope p163→e17] · args: p163 repository ref:e17 req; p165 title str req; p161 description markdown opt; p164 state sel[open,closed] opt; p162 due_on date opt · Create a milestone in a repository.
e9{p167=e17(p414=$, p417=$), p169=$}	returns [e9] · args: p167 repository ref:e17 req; p169 state sel[open,closed] opt · List milestones for a repository.
p192	str · id
p196	bool · unread
p194	str · reason
p197	date · updated_at
p193	date · last_read_at
p198	str · url
p195	str · subscription_url
e10($)[p192,p196,p194,p197,p193,p198,p195]	returns e10 · A notification.
e10($).m39()	returns () · Mark a notification thread as read.
e10{p188=$, p190=$, p191=$, p189=$}	returns [e10] · args: p188 all bool opt; p190 participating bool opt; p191 since date opt; p189 before date opt · List notification threads for the auth user.
p207	str · login
p205	int · id
p208	str · name
p201	markdown · description
p200	str · blog
p206	str · location
p202	str · email
p199	str · avatar_url
p212	str · url
p210	int · public_repos
p209	int · public_gists
p203	int · followers
p204	int · following
p211	str · type
e11($)[p207,p205,p208,p201,p200,p206,p202,p199,p212,p210,p209,p203,p204,p211]	returns e11 · A GitHub organization.
p319	int · id
p325	str · owner
p327	str · repo
p324	int · number
p329	str · title
p312	markdown · body
p328	select · allowed: open, closed
p320	bool · locked
p315	bool · draft
p323	date · merged_at
p314	date · created_at
p330	date · updated_at
p313	date · closed_at
p318	str · html_url
e12(p325=$, p327=$, p324=$)[p319,p325,p327,p324,p329,p312,p328,p320,p315,p323,p314,p330,p313,p318]	returns e12 · A pull request in a repository.
e12(p325=$, p327=$, p324=$).m44()	returns () · args: p290 commit_title str opt; p289 commit_message markdown opt; p291 merge_method sel[merge,squash,rebase] opt · Merge a pull request.
e12(p325=$, p327=$, p324=$).m45()	returns e12 · args: p295 title str opt; p293 body markdown opt; p294 state sel[open,closed] opt; p292 base str opt · Update a pull request.
e12(p325=$, p327=$, p324=$).m49()	returns () · args: p309 expected_head_sha str opt · Update a pull request branch from its base branch.
e12.m42(p287=e17(p414=$, p417=$), p288=$, p284=$, p281=$,..)	returns e12 · [scope p287→e17] · args: p287 repository ref:e17 req; p288 title str req; p284 head str req; p281 base str req; p282 body markdown opt; p283 draft bool opt; p286 maintainer_can_modify bool opt; p285 issue int opt · Open a PR (head into base).
e12{p299=e17(p414=$, p417=$), p301=$, p298=$, p296=$}	returns [e12] · args: p299 repository ref:e17 req; p301 state sel[open,closed] opt; p298 head str opt; p296 base str opt · List pull requests in a repository.
e12{p307=e17(p414=$, p417=$), p306=$}	returns [e12] · args: p307 repository ref:e17 req; p306 q str req · Find PRs in a repo by path or file name substring.
e12~$	returns [e12] · Search pull requests globally.
e12(p325=$, p327=$, p324=$).p335	returns e19
e12(p325=$, p327=$, p324=$).p332	returns [e13]
e12(p325=$, p327=$, p324=$).p331	returns e9
e12(p325=$, p327=$, p324=$).p333	returns [e15]
e12(p325=$, p327=$, p324=$).p334	returns [e14]
e12(p325=$, p327=$, p324=$).p336	returns e19
e13{p213=$, p215=$, p214=$}	returns [e13] · A file entry in a pull request diff. · args: p213 owner str req; p215 repo str req; p214 pull_number int req · List files changed in a pull request.
p273	int · id
p274	str · owner
p276	str · repo
p275	int · pull_number
p277	select · allowed: APPROVED, CHANGES_REQUESTED, COMMENTED, DISMISSED, PENDING
p270	markdown · body
p271	str · commit_id
p278	date · submitted_at
p272	str · html_url
e14(p274=$, p276=$, p275=$, p273=$)[p273,p274,p276,p275,p277,p270,p271,p278,p272]	returns e14 · A review on a pull request
e14(p274=$, p276=$, p275=$, p273=$).m52()	returns () · Delete a pending pull request review.
e14.m51(p264=e17(p414=$, p417=$), p263=$,..)	returns e14 · [scope p264→e17, p263] · args: p264 repository ref:e17 req; p263 pull_number int req; p260 body markdown opt; p261 commit_id str opt; p262 event sel[APPROVE,REQUEST_CHANGES,COMMENT] opt · Create or submit a pull request review.
e14(p274=$, p276=$, p275=$, p273=$).m55(p269=$,..)	returns () · args: p269 event sel[APPROVE,REQUEST_CHANGES,COMMENT] req; p268 body markdown opt · Submit an existing pending pull request review.
e14{p265=$, p267=$, p266=$}	returns [e14] · args: p265 owner str req; p267 repo str req; p266 pull_number int req · List reviews on a pull request.
e14(p274=$, p276=$, p275=$, p273=$).p279	returns e12
e14(p274=$, p276=$, p275=$, p273=$).p280	returns e19
p242	int · id
p248	str · owner
p252	str · repo
p237	markdown · body
p249	str · path
p240	markdown · diff_hunk
p238	str · commit_id
p251	int · pull_number
p253	int · review_id
p244	int · line
p254	select · allowed: LEFT, RIGHT
p255	int · start_line
p256	select · allowed: LEFT, RIGHT
p257	select · allowed: line, file
p241	str · html_url
p239	date · created_at
p258	date · updated_at
e15(p248=$, p252=$, p242=$)[p242,p248,p252,p237,p249,p240,p238,p251,p253,p244,p254,p255,p256,p257,p241,p239,p258]	returns e15 · Inline comment on a pull request review diff.
e15.m56(p228=e17(p414=$, p417=$), p227=$, p222=$,..)	returns e15 · [scope p228→e17, p227] · args: p228 repository ref:e17 req; p227 pull_number int req; p222 body markdown req; p223 commit_id str opt; p226 path str opt; p225 line int opt; p229 side sel[LEFT,RIGHT] opt; p230 start_line int opt; p231 start_side sel[LEFT,RIGHT] opt; p232 subject_type sel[line,file] opt; p224 in_reply_to int opt · Add or reply to an inline review comment.
e15{p233=$, p235=$, p234=$, p236=$}	returns [e15] · args: p233 owner str req; p235 repo str req; p234 pull_number int req; p236 since date opt · List inline review comments on a pull request.
e15(p248=$, p252=$, p242=$).p259	returns e19
p356	int · id
p358	str · owner
p361	str · repo
p362	str · tag_name
p357	str · name
p352	markdown · body
p354	bool · draft
p359	bool · prerelease
p353	date · created_at
p360	date · published_at
p355	str · html_url
e16(p358=$, p361=$, p356=$)[p356,p358,p361,p362,p357,p352,p354,p359,p353,p360,p355]	returns e16 · A GitHub release with assets and release notes
e16(p358=$, p361=$, p356=$).m60()	returns () · Delete a release by id in a repository.
e16(p358=$, p361=$, p356=$).m63()	returns e16 · args: p350 tag_name str opt; p348 name str opt; p346 body markdown opt; p347 draft bool opt; p349 prerelease bool opt; p351 target_commitish str opt · Update an existing release.
e16.m59(p342=e17(p414=$, p417=$), p343=$,..)	returns e16 · [scope p342→e17] · args: p342 repository ref:e17 req; p343 tag_name str req; p340 name str opt; p337 body markdown opt; p338 draft bool opt; p341 prerelease bool opt; p344 target_commitish str opt; p339 generate_release_notes bool opt · Create a GitHub release (tag).
e16{p345=e17(p414=$, p417=$)}	returns [e16] · args: p345 repository ref:e17 req · List releases for a repository.
e16(p358=$, p361=$, p356=$).p363	returns e19
p411	int · id
p409	str · full_name
p406	markdown · description
p415	bool · private
p408	bool · fork
p412	str · language
p418	int · stargazers_count
p407	int · forks_count
p413	int · open_issues_count
p405	str · default_branch
p403	bool · archived
p420	select · allowed: public, private, internal
p404	date · created_at
p419	date · updated_at
p416	date · pushed_at
p410	str · html_url
e17(p414=$, p417=$)[p411,p414,p417,p409,p406,p415,p408,p412,p418,p407,p413,p405,p403,p420,p404,p419,p416,p410]	returns e17 · A GitHub repository
e17(p414=$, p417=$).m67(p386=e17(p414=$, p417=$), p385=$, p384=$, p387=$,..)	returns () · [scope p386→e17] · args: p386 repository ref:e17 req; p385 path str req; p384 message str req; p387 sha str req; p383 branch str opt · Delete a file from a repository.
e17(p414=$, p417=$).m68(p392=e17(p414=$, p417=$), p391=$, p390=$, p389=$,..)	returns () · [scope p392→e17] · args: p392 repository ref:e17 req; p391 path str req; p390 message str req; p389 content blob req; p388 branch str opt; p393 sha str opt · Create or update a file in a repository.
e17{p374=$, p371=$}	returns [e17] · args: p374 visibility sel[public,private,internal] opt; p371 affiliation str opt · List repos the auth user can access.
e17{p376=e11($), p378=$}	returns [e17] · args: p376 org ref:e11 req; p378 visibility sel[public,private,internal] req · List an org's public repos.
e17{p380=e11($), p382=$}	returns [e17] · args: p380 org ref:e11 req; p382 type sel[all,owner,member] opt · List repositories for an organization.
e17{p394=e17(p414=$, p417=$)}	returns [e17] · args: p394 repository ref:e17 req · List forks of a repository.
e17{p402=e19($), p401=$}	returns [e17] · args: p402 username ref:e19 req; p401 type sel[all,owner,member] opt · List repositories for a specific user.
e17~$	returns [e17] · Search GitHub repositories using GitHub repository-search query syntax.
e17(p414=$, p417=$).p421	returns [e1]
e17(p414=$, p417=$).p422	returns [e2]
e17(p414=$, p417=$).p423	returns [e3]
e17(p414=$, p417=$).p424	returns e19
e17(p414=$, p417=$).p425	returns [e23]
e17(p414=$, p417=$).p426	returns [e20]
e18{p364=e17(p414=$, p417=$)}	returns [e18] · Git tag in a repository (not a GitHub Release). · args: p364 repository ref:e17 req · List git tags in a repository.
p445	str · login
p443	int · id
p446	str · name
p438	str · company
p437	str · blog
p444	str · location
p440	str · email
p436	markdown · bio
p448	int · public_repos
p447	int · public_gists
p441	bool · hireable
p449	bool · site_admin
p442	str · html_url
p435	str · avatar_url
p439	date · created_at
e19($)[p445,p443,p446,p438,p437,p444,p440,p436,p448,p447,p441,p449,p442,p435,p439]	returns e19 · A GitHub user account
e19.m75()	returns e19 · Get the authenticated user.
e19{p428=e11($), p427=$, p429=$}	returns [e19] · args: p428 org ref:e11 req; p427 filter sel[2fa_disabled,2fa_insecure,all] opt; p429 role sel[all,admin,member] opt · List members of a GitHub organization.
e19{p431=e17(p414=$, p417=$), p430=$}	returns [e19] · args: p431 repository ref:e17 req; p430 affiliation sel[outside,direct,all] opt · List users with access to a repository.
e19~$	returns [e19] · Search GitHub users.
p537	int · id
p540	str · owner
p542	str · repo
p539	str · node_id
p538	str · name
p541	str · path
p543	select · allowed: active, deleted, disabled_fork, disabled_inactivity, disabled_manually
p535	date · created_at
p544	date · updated_at
p536	str · html_url
p534	str · badge_url
e20(p540=$, p542=$, p537=$)[p537,p540,p542,p539,p538,p541,p543,p535,p544,p536,p534]	returns e20 · A workflow in a repository
e20(p540=$, p542=$, p537=$).m79(p531=$)	returns () · args: p531 ref str req · Trigger a workflow dispatch event for a workflow.
e20{p532=$, p533=$}	returns [e20] · args: p532 owner str req; p533 repo str req · List workflows in a repository.
e20(p540=$, p542=$, p537=$).p545	returns [e23]
e21{p450=$, p451=$, p452=$}	returns [e21] · Downloadable artifact from a workflow run · args: p450 owner str req; p451 repo str req; p452 run_id int req · List artifacts produced by a workflow run.
e22{p465=$, p466=$, p467=$, p464=$}	returns [e22] · A GitHub Actions job within a workflow run · args: p465 owner str req; p466 repo str req; p467 run_id int req; p464 filter sel[latest,all] opt · List jobs in a workflow run.
p513	int · id
p515	str · owner
p517	str · repo
p514	str · name
p521	select · allowed: queued, in_progress, completed, waiting, requested, pending
p506	select · allowed: success, failure, neutral, cancelled, skipped, timed_out, action_required, stale, startup_failure
p509	str · event
p524	int · workflow_id
p519	int · run_number
p518	int · run_attempt
p508	str · display_title
p510	str · head_branch
p511	str · head_sha
p516	str · path
p505	str · actor_login
p522	str · triggering_actor_login
p512	str · html_url
p520	date · run_started_at
p507	date · created_at
p523	date · updated_at
e23(p515=$, p517=$, p513=$)[p513,p515,p517,p514,p521,p506,p509,p524,p519,p518,p508,p510,p511,p516,p505,p522,p512,p520,p507,p523]	returns e23 · One workflow run for a repository
e23(p515=$, p517=$, p513=$).m85()	returns () · Cancel an in-progress workflow run.
e23(p515=$, p517=$, p513=$).m87()	returns () · Delete stored logs for a workflow run.
e23(p515=$, p517=$, p513=$).m89()	returns () · Rerun all jobs in a workflow run.
e23(p515=$, p517=$, p513=$).m90()	returns () · Rerun only failed jobs in a workflow run.
e23{p494=$, p495=$, p497=$, p492=$, p493=$, p496=$}	returns [e23] · args: p494 owner str req; p495 repo str req; p497 workflow_id int req; p492 branch str opt; p493 event str opt; p496 status sel[queued,in_progress,completed,waiting,requested,pending] opt · List runs for one GitHub Actions workflow.
e23{p502=$, p503=$, p499=$, p500=$, p504=$, p498=e19($), p501=$}	returns [e23] · args: p502 owner str req; p503 repo str req; p499 branch str opt; p500 event str opt; p504 status sel[queued,in_progress,completed,waiting,requested,pending] opt; p498 actor ref:e19 opt; p501 head_sha str opt · List workflow runs in a repository.
e23(p515=$, p517=$, p513=$).p525	returns e19
e23(p515=$, p517=$, p513=$).p527	returns [e21]
e23(p515=$, p517=$, p513=$).p528	returns [e22]
e23(p515=$, p517=$, p513=$).p526	returns e19
e23(p515=$, p517=$, p513=$).p529	returns e24
e23(p515=$, p517=$, p513=$).p530	returns e20
p484	str · owner
p485	str · repo
p487	int · run_id
p486	int · run_duration_ms
p489	int · ubuntu_total_ms
p488	int · ubuntu_jobs
p483	int · macos_total_ms
p482	int · macos_jobs
p491	int · windows_total_ms
p490	int · windows_jobs
e24(p484=$, p485=$, p487=$)[p484,p485,p487,p486,p489,p488,p483,p482,p491,p490]	returns e24 · Per-job timing and billable usage for a run
